当前日期: 2022/05/22 周日

当前时间: 20:28:26.60

主机名:           二炮计算机
OS 名称:          Microsoft Windows 11 家庭中文版
OS 版本:          10.0.22000 暂缺 Build 22000
OS 制造商:        Microsoft Corporation
OS 配置:          独立工作站
OS 构建类型:      Multiprocessor Free
注册的所有人:     3145166773@qq.com
注册的组织:       暂缺
产品 ID:          00342-35562-33954-AAOEM
初始安装日期:     2022/1/15, 21:27:33
系统启动时间:     2022/5/22, 12:22:50
系统制造商:       Dell Inc.
系统型号:         Inspiron 7590
系统类型:         x64-based PC
处理器:           安装了 1 个处理器。
                  [01]: Intel64 Family 6 Model 158 Stepping 10 GenuineIntel ~2592 Mhz
BIOS 版本:        Dell Inc. 1.9.0, 2020/12/14
Windows 目录:     C:\WINDOWS
系统目录:         C:\WINDOWS\system32
启动设备:         \Device\HarddiskVolume1
系统区域设置:     zh-cn;中文(中国)
输入法区域设置:   zh-cn;中文(中国)
时区:             (UTC+08:00) 北京，重庆，香港特别行政区，乌鲁木齐
物理内存总量:     7,973 MB
可用的物理内存:   444 MB
虚拟内存: 最大值: 19,237 MB
虚拟内存: 可用:   6,506 MB
虚拟内存: 使用中: 12,731 MB
页面文件位置:     C:\pagefile.sys
域:               WORKGROUP
登录服务器:       \\二炮计算机
修补程序:         安装了 4 个修补程序。
                  [01]: KB5013628
                  [02]: KB5007575
                  [03]: KB5013943
                  [04]: KB5012674
网卡:             安装了 7 个 NIC。
                  [01]: Sangfor SSL VPN CS Support System VNIC
                      连接名:      以太网 4
                      状态:        媒体连接已中断
                  [02]: VMware Virtual Ethernet Adapter for VMnet1
                      连接名:      VMware Network Adapter VMnet1
                      启用 DHCP:   是
                      DHCP 服务器: 192.168.229.254
                      IP 地址
                        [01]: 192.168.229.1
                        [02]: fe80::5830:8f61:5b92:b534
                  [03]: VMware Virtual Ethernet Adapter for VMnet8
                      连接名:      VMware Network Adapter VMnet8
                      启用 DHCP:   是
                      DHCP 服务器: 192.168.230.254
                      IP 地址
                        [01]: 192.168.230.1
                        [02]: fe80::cdab:892f:f2a9:e060
                  [04]: Intel(R) Wireless-AC 9560 160MHz
                      连接名:      WLAN
                      启用 DHCP:   是
                      DHCP 服务器: 10.208.64.1
                      IP 地址
                        [01]: 10.208.118.130
                        [02]: fe80::7815:9405:bcb6:4730
                        [03]: 2001:da8:1002:a001::6:fcbd
                  [05]: Netease UU TAP-Win32 Adapter V9.21
                      连接名:      以太网 2
                      状态:        媒体连接已中断
                  [06]: Bluetooth Device (Personal Area Network)
                      连接名:      蓝牙网络连接
                      状态:        媒体连接已中断
                  [07]: SVN Adapter V1.0
                      连接名:      以太网 5
                      状态:        没有硬件
Hyper-V 要求:     虚拟机监视器模式扩展: 是
                  固件中已启用虚拟化: 是
                  二级地址转换: 是
                  数据执行保护可用: 是

Windows IP 配置

   主机名  . . . . . . . . . . . . . : 二炮计算机
   主 DNS 后缀 . . . . . . . . . . . :
   节点类型  . . . . . . . . . . . . : 混合
   IP 路由已启用 . . . . . . . . . . : 否
   WINS 代理已启用 . . . . . . . . . : 否

无线局域网适配器 本地连接* 1:

   媒体状态  . . . . . . . . . . . . : 媒体已断开连接
   连接特定的 DNS 后缀 . . . . . . . :
   描述. . . . . . . . . . . . . . . : Microsoft Wi-Fi Direct Virtual Adapter
   物理地址. . . . . . . . . . . . . : 0C-DD-24-46-CE-5A
   DHCP 已启用 . . . . . . . . . . . : 是
   自动配置已启用. . . . . . . . . . : 是

无线局域网适配器 本地连接* 2:

   媒体状态  . . . . . . . . . . . . : 媒体已断开连接
   连接特定的 DNS 后缀 . . . . . . . :
   描述. . . . . . . . . . . . . . . : Microsoft Wi-Fi Direct Virtual Adapter #2
   物理地址. . . . . . . . . . . . . : 0E-DD-24-46-CE-59
   DHCP 已启用 . . . . . . . . . . . : 否
   自动配置已启用. . . . . . . . . . : 是

以太网适配器 以太网 2:

   媒体状态  . . . . . . . . . . . . : 媒体已断开连接
   连接特定的 DNS 后缀 . . . . . . . :
   描述. . . . . . . . . . . . . . . : Netease UU TAP-Win32 Adapter V9.21
   物理地址. . . . . . . . . . . . . : 00-FF-64-3A-A3-F8
   DHCP 已启用 . . . . . . . . . . . : 否
   自动配置已启用. . . . . . . . . . : 是

以太网适配器 VMware Network Adapter VMnet1:

   连接特定的 DNS 后缀 . . . . . . . :
   描述. . . . . . . . . . . . . . . : VMware Virtual Ethernet Adapter for VMnet1
   物理地址. . . . . . . . . . . . . : 00-50-56-C0-00-01
   DHCP 已启用 . . . . . . . . . . . : 是
   自动配置已启用. . . . . . . . . . : 是
   本地链接 IPv6 地址. . . . . . . . : fe80::5830:8f61:5b92:b534%24(首选)
   IPv4 地址 . . . . . . . . . . . . : 192.168.229.1(首选)
   子网掩码  . . . . . . . . . . . . : 255.255.255.0
   获得租约的时间  . . . . . . . . . : 2022年5月22日 12:23:01
   租约过期的时间  . . . . . . . . . : 2022年5月22日 20:57:11
   默认网关. . . . . . . . . . . . . :
   DHCP 服务器 . . . . . . . . . . . : 192.168.229.254
   DHCPv6 IAID . . . . . . . . . . . : 117461078
   DHCPv6 客户端 DUID  . . . . . . . : 00-01-00-01-28-06-E2-9F-0C-DD-24-46-CE-59
   TCPIP 上的 NetBIOS  . . . . . . . : 已启用

以太网适配器 VMware Network Adapter VMnet8:

   连接特定的 DNS 后缀 . . . . . . . :
   描述. . . . . . . . . . . . . . . : VMware Virtual Ethernet Adapter for VMnet8
   物理地址. . . . . . . . . . . . . : 00-50-56-C0-00-08
   DHCP 已启用 . . . . . . . . . . . : 是
   自动配置已启用. . . . . . . . . . : 是
   本地链接 IPv6 地址. . . . . . . . : fe80::cdab:892f:f2a9:e060%10(首选)
   IPv4 地址 . . . . . . . . . . . . : 192.168.230.1(首选)
   子网掩码  . . . . . . . . . . . . : 255.255.255.0
   获得租约的时间  . . . . . . . . . : 2022年5月22日 12:23:04
   租约过期的时间  . . . . . . . . . : 2022年5月22日 20:57:11
   默认网关. . . . . . . . . . . . . :
   DHCP 服务器 . . . . . . . . . . . : 192.168.230.254
   DHCPv6 IAID . . . . . . . . . . . : 167792726
   DHCPv6 客户端 DUID  . . . . . . . : 00-01-00-01-28-06-E2-9F-0C-DD-24-46-CE-59
   主 WINS 服务器  . . . . . . . . . : 192.168.230.2
   TCPIP 上的 NetBIOS  . . . . . . . : 已启用

无线局域网适配器 WLAN:

   连接特定的 DNS 后缀 . . . . . . . :
   描述. . . . . . . . . . . . . . . : Intel(R) Wireless-AC 9560 160MHz
   物理地址. . . . . . . . . . . . . : 0C-DD-24-46-CE-59
   DHCP 已启用 . . . . . . . . . . . : 是
   自动配置已启用. . . . . . . . . . : 是
   IPv6 地址 . . . . . . . . . . . . : 2001:da8:1002:a001::6:fcbd(首选)
   获得租约的时间  . . . . . . . . . : 2022年5月22日 12:23:10
   租约过期的时间  . . . . . . . . . : 2022年5月22日 20:52:12
   本地链接 IPv6 地址. . . . . . . . : fe80::7815:9405:bcb6:4730%6(首选)
   IPv4 地址 . . . . . . . . . . . . : 10.208.118.130(首选)
   子网掩码  . . . . . . . . . . . . : 255.255.192.0
   获得租约的时间  . . . . . . . . . : 2022年5月22日 12:23:11
   租约过期的时间  . . . . . . . . . : 2022年5月23日 6:27:44
   默认网关. . . . . . . . . . . . . : fe80::200:5eff:fe00:101%6
                                       10.208.64.1
   DHCP 服务器 . . . . . . . . . . . : 10.208.64.1
   DHCPv6 IAID . . . . . . . . . . . : 51174692
   DHCPv6 客户端 DUID  . . . . . . . : 00-01-00-01-28-06-E2-9F-0C-DD-24-46-CE-59
   DNS 服务器  . . . . . . . . . . . : 10.80.128.28
                                       10.81.254.4
   TCPIP 上的 NetBIOS  . . . . . . . : 已启用

以太网适配器 以太网 4:

   媒体状态  . . . . . . . . . . . . : 媒体已断开连接
   连接特定的 DNS 后缀 . . . . . . . :
   描述. . . . . . . . . . . . . . . : Sangfor SSL VPN CS Support System VNIC
   物理地址. . . . . . . . . . . . . : 00-FF-59-2F-FF-58
   DHCP 已启用 . . . . . . . . . . . : 是
   自动配置已启用. . . . . . . . . . : 是

以太网适配器 蓝牙网络连接:

   媒体状态  . . . . . . . . . . . . : 媒体已断开连接
   连接特定的 DNS 后缀 . . . . . . . :
   描述. . . . . . . . . . . . . . . : Bluetooth Device (Personal Area Network)
   物理地址. . . . . . . . . . . . . : 0C-DD-24-46-CE-5D
   DHCP 已启用 . . . . . . . . . . . : 是
   自动配置已启用. . . . . . . . . . : 是

===========================================================================
接口列表
 22...0c dd 24 46 ce 5a ......Microsoft Wi-Fi Direct Virtual Adapter
 21...0e dd 24 46 ce 59 ......Microsoft Wi-Fi Direct Virtual Adapter #2
 14...00 ff 64 3a a3 f8 ......Netease UU TAP-Win32 Adapter V9.21
 24...00 50 56 c0 00 01 ......VMware Virtual Ethernet Adapter for VMnet1
 10...00 50 56 c0 00 08 ......VMware Virtual Ethernet Adapter for VMnet8
  6...0c dd 24 46 ce 59 ......Intel(R) Wireless-AC 9560 160MHz
 13...00 ff 59 2f ff 58 ......Sangfor SSL VPN CS Support System VNIC
  8...0c dd 24 46 ce 5d ......Bluetooth Device (Personal Area Network)
  1...........................Software Loopback Interface 1
===========================================================================

IPv4 路由表
===========================================================================
活动路由:
网络目标        网络掩码          网关       接口   跃点数
          0.0.0.0          0.0.0.0      10.208.64.1   10.208.118.130     35
      10.208.64.0    255.255.192.0            在链路上    10.208.118.130    291
   10.208.118.130  255.255.255.255            在链路上    10.208.118.130    291
   10.208.127.255  255.255.255.255            在链路上    10.208.118.130    291
        127.0.0.0        255.0.0.0            在链路上         127.0.0.1    331
        127.0.0.1  255.255.255.255            在链路上         127.0.0.1    331
  127.255.255.255  255.255.255.255            在链路上         127.0.0.1    331
      169.254.0.0      255.255.0.0            在链路上     192.168.229.1    311
  169.254.255.255  255.255.255.255            在链路上     192.168.229.1    291
    192.168.229.0    255.255.255.0            在链路上     192.168.229.1    291
    192.168.229.1  255.255.255.255            在链路上     192.168.229.1    291
  192.168.229.255  255.255.255.255            在链路上     192.168.229.1    291
    192.168.230.0    255.255.255.0            在链路上     192.168.230.1    291
    192.168.230.1  255.255.255.255            在链路上     192.168.230.1    291
  192.168.230.255  255.255.255.255            在链路上     192.168.230.1    291
        224.0.0.0        240.0.0.0            在链路上         127.0.0.1    331
        224.0.0.0        240.0.0.0            在链路上     192.168.229.1    291
        224.0.0.0        240.0.0.0            在链路上     192.168.230.1    291
        224.0.0.0        240.0.0.0            在链路上    10.208.118.130    291
  255.255.255.255  255.255.255.255            在链路上         127.0.0.1    331
  255.255.255.255  255.255.255.255            在链路上     192.168.229.1    291
  255.255.255.255  255.255.255.255            在链路上     192.168.230.1    291
  255.255.255.255  255.255.255.255            在链路上    10.208.118.130    291
===========================================================================
永久路由:
  无

IPv6 路由表
===========================================================================
活动路由:
 接口跃点数网络目标                网关
  6    291 ::/0                     fe80::200:5eff:fe00:101
  1    331 ::1/128                  在链路上
  6    291 2001:da8:1002:a001::6:fcbd/128
                                    在链路上
 24    291 fe80::/64                在链路上
 10    291 fe80::/64                在链路上
  6    291 fe80::/64                在链路上
 24    291 fe80::5830:8f61:5b92:b534/128
                                    在链路上
  6    291 fe80::7815:9405:bcb6:4730/128
                                    在链路上
 10    291 fe80::cdab:892f:f2a9:e060/128
                                    在链路上
  1    331 ff00::/8                 在链路上
 24    291 ff00::/8                 在链路上
 10    291 ff00::/8                 在链路上
  6    291 ff00::/8                 在链路上
===========================================================================
永久路由:
  无

接口: 10.208.118.130 --- 0x6
  Internet 地址         物理地址              类型
  10.208.64.1           00-00-5e-00-01-01     动态
  10.208.127.255        ff-ff-ff-ff-ff-ff     静态
  224.0.0.2             01-00-5e-00-00-02     静态
  224.0.0.22            01-00-5e-00-00-16     静态
  224.0.0.251           01-00-5e-00-00-fb     静态
  224.0.0.252           01-00-5e-00-00-fc     静态
  239.255.255.250       01-00-5e-7f-ff-fa     静态
  255.255.255.255       ff-ff-ff-ff-ff-ff     静态

接口: 192.168.230.1 --- 0xa
  Internet 地址         物理地址              类型
  192.168.230.254       00-50-56-eb-0d-03     动态
  192.168.230.255       ff-ff-ff-ff-ff-ff     静态
  224.0.0.2             01-00-5e-00-00-02     静态
  224.0.0.22            01-00-5e-00-00-16     静态
  224.0.0.251           01-00-5e-00-00-fb     静态
  224.0.0.252           01-00-5e-00-00-fc     静态
  239.255.255.250       01-00-5e-7f-ff-fa     静态
  255.255.255.255       ff-ff-ff-ff-ff-ff     静态

接口: 192.168.229.1 --- 0x18
  Internet 地址         物理地址              类型
  192.168.229.254       00-50-56-ef-cf-fb     动态
  192.168.229.255       ff-ff-ff-ff-ff-ff     静态
  224.0.0.2             01-00-5e-00-00-02     静态
  224.0.0.22            01-00-5e-00-00-16     静态
  224.0.0.251           01-00-5e-00-00-fb     静态
  224.0.0.252           01-00-5e-00-00-fc     静态
  239.255.255.250       01-00-5e-7f-ff-fa     静态
  255.255.255.255       ff-ff-ff-ff-ff-ff     静态

